OpenSBI v1.3-21-gea6533a
   ____                    _____ ____ _____
  / __ \                  / ____|  _ \_   _|
 | |  | |_ __   ___ _ __ | (___ | |_) || |
 | |  | | '_ \ / _ \ '_ \ \___ \|  _ < | |
 | |__| | |_) |  __/ | | |____) | |_) || |_
  \____/| .__/ \___|_| |_|_____/|____/_____|
        | |
        |_|

Platform Name             : riscv-virtio,qemu
Platform Features         : medeleg
Platform HART Count       : 4
Platform IPI Device       : aia-imsic
Platform Timer Device     : aclint-mtimer @ 10000000Hz
Platform Console Device   : uart8250
Platform HSM Device       : ---
Platform PMU Device       : ---
Platform Reboot Device    : sifive_test
Platform Shutdown Device  : sifive_test
Platform Suspend Device   : ---
Platform CPPC Device      : ---
Firmware Base             : 0x80000000
Firmware Size             : 224 KB
Firmware RW Offset        : 0x20000
Firmware RW Size          : 96 KB
Firmware Heap Offset      : 0x2e000
Firmware Heap Size        : 40 KB (total), 2 KB (reserved), 10 KB (used), 28 KB (free)
Firmware Scratch Size     : 4096 B (total), 752 B (used), 3344 B (free)
Runtime SBI Version       : 1.0

Domain0 Name              : root
Domain0 Boot HART         : 2
Domain0 HARTs             : 0*,1*,2*,3*
Domain0 Region00          : 0x0000000024000000-0x0000000024003fff M: (I,R,W) S/U: ()
Domain0 Region01          : 0x000000000c000000-0x000000000c007fff M: (I,R,W) S/U: ()
Domain0 Region02          : 0x0000000002000000-0x000000000200ffff M: (I,R,W) S/U: ()
Domain0 Region03          : 0x0000000080000000-0x000000008001ffff M: (R,X) S/U: ()
Domain0 Region04          : 0x0000000080020000-0x000000008003ffff M: (R,W) S/U: ()
Domain0 Region05          : 0x0000000000000000-0xffffffffffffffff M: (R,W,X) S/U: (R,W,X)
Domain0 Next Address      : 0x0000000080200000
Domain0 Next Arg1         : 0x0000000082200000
Domain0 Next Mode         : S-mode
Domain0 SysReset          : yes
Domain0 SysSuspend        : yes

Boot HART ID              : 2
Boot HART Domain          : root
Boot HART Priv Version    : v1.12
Boot HART Base ISA        : rv64imafdch
Boot HART ISA Extensions  : smaia,sstc,zicntr,zihpm
Boot HART PMP Count       : 16
Boot HART PMP Granularity : 4
Boot HART PMP Address Bits: 54
Boot HART MHPM Count      : 16
Boot HART MIDELEG         : 0x0000000000001666
Boot HART MEDELEG         : 0x0000000000f0b509
[    0.000000] Linux version 6.5.0-rc1-00009-gee149a472140 (binbin.li@ipgbspserver) (riscv64-unknown-linux-gnu-gcc (g2ee5e430018) 12.2.0, GNU ld (GNU Binutils) 2.40.0.20230214) #1 SMP Fri Jul 14 10:20:00 CST 2023
[    0.000000] random: crng init done
[    0.000000] Machine model: riscv-virtio,qemu
[    0.000000] SBI specification v1.0 detected
[    0.000000] SBI implementation ID=0x1 Version=0x10003
[    0.000000] SBI TIME extension detected
[    0.000000] SBI IPI extension detected
[    0.000000] SBI RFENCE extension detected
[    0.000000] SBI SRST extension detected
[    0.000000] efi: UEFI not found.
[    0.000000] OF: reserved mem: 0x0000000080000000..0x000000008001ffff (128 KiB) nomap non-reusable mmode_resv0@80000000
[    0.000000] OF: reserved mem: 0x0000000080020000..0x000000008003ffff (128 KiB) nomap non-reusable mmode_resv1@80020000
[    0.000000] Zone ranges:
[    0.000000]   DMA32    [mem 0x0000000080000000-0x000000009fffffff]
[    0.000000]   Normal   empty
[    0.000000] Movable zone start for each node
[    0.000000] Early memory node ranges
[    0.000000]   node   0: [mem 0x0000000080000000-0x000000008003ffff]
[    0.000000]   node   0: [mem 0x0000000080040000-0x000000009fffffff]
[    0.000000] Initmem setup node 0 [mem 0x0000000080000000-0x000000009fffffff]
[    0.000000] SBI HSM extension detected
[    0.000000] riscv: base ISA extensions acdfhim
[    0.000000] riscv: ELF capabilities acdfim
[    0.000000] percpu: Embedded 19 pages/cpu s40888 r8192 d28744 u77824
[    0.000000] Kernel command line: root=/dev/ram rw console=ttyS0 earlycon=sbi
[    0.000000] Dentry cache hash table entries: 65536 (order: 7, 524288 bytes, linear)
[    0.000000] Inode-cache hash table entries: 32768 (order: 6, 262144 bytes, linear)
[    0.000000] Built 1 zonelists, mobility grouping on.  Total pages: 129024
[    0.000000] mem auto-init: stack:all(zero), heap alloc:off, heap free:off
[    0.000000] Virtual kernel memory layout:
[    0.000000]       fixmap : 0xff1bfffffea00000 - 0xff1bffffff000000   (6144 kB)
[    0.000000]       pci io : 0xff1bffffff000000 - 0xff1c000000000000   (  16 MB)
[    0.000000]      vmemmap : 0xff1c000000000000 - 0xff20000000000000   (1024 TB)
[    0.000000]      vmalloc : 0xff20000000000000 - 0xff60000000000000   (16384 TB)
[    0.000000]      modules : 0xffffffff0157c000 - 0xffffffff80000000   (2026 MB)
[    0.000000]       lowmem : 0xff60000000000000 - 0xff60000020000000   ( 512 MB)
[    0.000000]       kernel : 0xffffffff80000000 - 0xffffffffffffffff   (2047 MB)
[    0.000000] Memory: 427404K/524288K available (8859K kernel code, 4972K rwdata, 4096K rodata, 2204K init, 482K bss, 96884K reserved, 0K cma-reserved)
[    0.000000] SLUB: HWalign=64, Order=0-3, MinObjects=0, CPUs=4, Nodes=1
[    0.000000] rcu: Hierarchical RCU implementation.
[    0.000000] rcu:     RCU restricting CPUs from NR_CPUS=64 to nr_cpu_ids=4.
[    0.000000] rcu:     RCU debug extended QS entry/exit.
[    0.000000]  Tracing variant of Tasks RCU enabled.
[    0.000000] rcu: RCU calculated value of scheduler-enlistment delay is 25 jiffies.
[    0.000000] rcu: Adjusting geometry for rcu_fanout_leaf=16, nr_cpu_ids=4
[    0.000000] NR_IRQS: 64, nr_irqs: 64, preallocated irqs: 0
[    0.000000] riscv-intc: 64 local interrupts mapped using AIA
[    0.000000] riscv-imsic: imsics@28000000:  hart-index-bits: 2,  guest-index-bits: 3
[    0.000000] riscv-imsic: imsics@28000000: group-index-bits: 0, group-index-shift: 24
[    0.000000] riscv-imsic: imsics@28000000: mapped 255 interrupts for 4 CPUs at 0x0000000028000000
[    0.000000] riscv-imsic: imsics@28000000: providing IPIs using interrupt 1
[    0.000000] rcu: srcu_init: Setting srcu_struct sizes based on contention.
[    0.000000] clocksource: riscv_clocksource: mask: 0xffffffffffffffff max_cycles: 0x24e6a1710, max_idle_ns: 440795202120 ns
[    0.000165] sched_clock: 64 bits at 10MHz, resolution 100ns, wraps every 4398046511100ns
[    0.000414] riscv-timer: Timer interrupt in S-mode is available via sstc extension
[    0.018093] Console: colour dummy device 80x25
[    0.020919] Calibrating delay loop (skipped), value calculated using timer frequency.. 20.00 BogoMIPS (lpj=40000)
[    0.021379] pid_max: default: 32768 minimum: 301
[    0.023465] LSM: initializing lsm=capability,integrity
[    0.027430] Mount-cache hash table entries: 1024 (order: 1, 8192 bytes, linear)
[    0.027506] Mountpoint-cache hash table entries: 1024 (order: 1, 8192 bytes, linear)
[    0.086826] RCU Tasks Trace: Setting shift to 2 and lim to 1 rcu_task_cb_adjust=1.
[    0.087481] riscv: ELF compat mode supported
[    0.088121] ASID allocator using 16 bits (65536 entries)
[    0.089989] rcu: Hierarchical SRCU implementation.
[    0.090050] rcu:     Max phase no-delay instances is 1000.
[    0.095094] EFI services will not be available.
[    0.100146] smp: Bringing up secondary CPUs ...
[    0.130091] smp: Brought up 1 node, 4 CPUs
[    0.159774] devtmpfs: initialized
[    0.180876] clocksource: jiffies: mask: 0xffffffff max_cycles: 0xffffffff, max_idle_ns: 7645041785100000 ns
[    0.181369] futex hash table entries: 1024 (order: 4, 65536 bytes, linear)
[    0.187451] pinctrl core: initialized pinctrl subsystem
[    0.198626] NET: Registered PF_NETLINK/PF_ROUTE protocol family
[    0.205630] DMA: preallocated 128 KiB GFP_KERNEL pool for atomic allocations
[    0.206267] DMA: preallocated 128 KiB GFP_KERNEL|GFP_DMA32 pool for atomic allocations
[    0.206817] audit: initializing netlink subsys (disabled)
[    0.213539] audit: type=2000 audit(0.188:1): state=initialized audit_enabled=0 res=1
[    0.217304] thermal_sys: Registered thermal governor 'step_wise'
[    0.219014] cpuidle: using governor menu
[    0.251316] riscv-aplic: aplic@d000000: 96 interrupts forwared to MSI base 0x0000000028000000
[    0.265726] HugeTLB: registered 2.00 MiB page size, pre-allocated 0 pages
[    0.265780] HugeTLB: 28 KiB vmemmap can be freed for a 2.00 MiB page
[    0.274539] ACPI: Interpreter disabled.
[    0.276853] iommu: Default domain type: Translated
[    0.276921] iommu: DMA domain TLB invalidation policy: strict mode
[    0.281379] SCSI subsystem initialized
[    0.286139] usbcore: registered new interface driver usbfs
[    0.286686] usbcore: registered new interface driver hub
[    0.286963] usbcore: registered new device driver usb
[    0.317438] vgaarb: loaded
[    0.325439] clocksource: Switched to clocksource riscv_clocksource
[    0.332533] pnp: PnP ACPI: disabled
[    0.451918] NET: Registered PF_INET protocol family
[    0.457096] IP idents hash table entries: 8192 (order: 4, 65536 bytes, linear)
[    0.472395] tcp_listen_portaddr_hash hash table entries: 256 (order: 1, 8192 bytes, linear)
[    0.472657] Table-perturb hash table entries: 65536 (order: 6, 262144 bytes, linear)
[    0.472778] TCP established hash table entries: 4096 (order: 3, 32768 bytes, linear)
[    0.473263] TCP bind hash table entries: 4096 (order: 6, 262144 bytes, linear)
[    0.474103] TCP: Hash tables configured (established 4096 bind 4096)
[    0.476397] UDP hash table entries: 256 (order: 2, 24576 bytes, linear)
[    0.477065] UDP-Lite hash table entries: 256 (order: 2, 24576 bytes, linear)
[    0.479482] NET: Registered PF_UNIX/PF_LOCAL protocol family
[    0.487501] RPC: Registered named UNIX socket transport module.
[    0.487595] RPC: Registered udp transport module.
[    0.487618] RPC: Registered tcp transport module.
[    0.487637] RPC: Registered tcp-with-tls transport module.
[    0.487656] RPC: Registered tcp NFSv4.1 backchannel transport module.
[    0.487936] PCI: CLS 0 bytes, default 64
[    0.495124] workingset: timestamp_bits=46 max_order=17 bucket_order=0
[    0.502709] NFS: Registering the id_resolver key type
[    0.504466] Key type id_resolver registered
[    0.504537] Key type id_legacy registered
[    0.505389] nfs4filelayout_init: NFSv4 File Layout Driver Registering...
[    0.505560] nfs4flexfilelayout_init: NFSv4 Flexfile Layout Driver Registering...
[    0.506020] Unpacking initramfs...
[    0.506835] 9p: Installing v9fs 9p2000 file system support
[    0.509936] NET: Registered PF_ALG protocol family
[    0.510469] Block layer SCSI generic (bsg) driver version 0.4 loaded (major 246)
[    0.510740] io scheduler mq-deadline registered
[    0.510858] io scheduler kyber registered
[    0.511055] io scheduler bfq registered
[    0.524796] pci-host-generic 30000000.pci: host bridge /soc/pci@30000000 ranges:
[    0.526670] pci-host-generic 30000000.pci:       IO 0x0003000000..0x000300ffff -> 0x0000000000
[    0.527540] pci-host-generic 30000000.pci:      MEM 0x0040000000..0x007fffffff -> 0x0040000000
[    0.527665] pci-host-generic 30000000.pci:      MEM 0x0400000000..0x07ffffffff -> 0x0400000000
[    0.529356] pci-host-generic 30000000.pci: Memory resource size exceeds max for 32 bits
[    0.530234] pci-host-generic 30000000.pci: ECAM at [mem 0x30000000-0x3fffffff] for [bus 00-ff]
[    0.532687] pci-host-generic 30000000.pci: PCI host bridge to bus 0000:00
[    0.533463] pci_bus 0000:00: root bus resource [bus 00-ff]
[    0.533644] pci_bus 0000:00: root bus resource [io  0x0000-0xffff]
[    0.533725] pci_bus 0000:00: root bus resource [mem 0x40000000-0x7fffffff]
[    0.533750] pci_bus 0000:00: root bus resource [mem 0x400000000-0x7ffffffff]
[    0.536379] pci 0000:00:00.0: [1b36:0008] type 00 class 0x060000
[    0.708985] Serial: 8250/16550 driver, 4 ports, IRQ sharing disabled
[    0.731439] printk: console [ttyS0] disabled
[    0.737068] 10000000.serial: ttyS0 at MMIO 0x10000000 (irq = 11, base_baud = 230400) is a 16550A
[    0.739860] printk: console [ttyS0] enabled
[    0.813635] SuperH (H)SCI(F) driver initialized
[    0.849640] loop: module loaded
[    0.859511] e1000e: Intel(R) PRO/1000 Network Driver
[    0.859815] e1000e: Copyright(c) 1999 - 2015 Intel Corporation.
[    0.865183] usbcore: registered new interface driver uas
[    0.866103] usbcore: registered new interface driver usb-storage
[    0.868080] mousedev: PS/2 mouse device common for all mice
[    0.877019] goldfish_rtc 101000.rtc: registered as rtc0
[    0.878542] goldfish_rtc 101000.rtc: setting system clock to 2023-07-14T02:40:41 UTC (1689302441)
[    0.884622] syscon-poweroff poweroff: pm_power_off already claimed for sbi_srst_power_off
[    0.886110] syscon-poweroff: probe of poweroff failed with error -16
[    0.889702] sdhci: Secure Digital Host Controller Interface driver
[    0.890202] sdhci: Copyright(c) Pierre Ossman
[    0.891293] sdhci-pltfm: SDHCI platform and OF driver helper
[    0.893143] usbcore: registered new interface driver usbhid
[    0.893607] usbhid: USB HID core driver
[    0.894673] riscv-pmu-sbi: SBI PMU extension is available
[    0.895998] riscv-pmu-sbi: 16 firmware and 18 hardware counters
[    0.896520] riscv-pmu-sbi: Perf sampling/filtering is not supported as sscof extension is not available
[    0.903662] NET: Registered PF_INET6 protocol family
[    0.920409] Segment Routing with IPv6
[    0.921149] In-situ OAM (IOAM) with IPv6
[    0.925809] sit: IPv6, IPv4 and MPLS over IPv4 tunneling driver
[    0.931885] NET: Registered PF_PACKET protocol family
[    0.934767] 9pnet: Installing 9P2000 support
[    0.935614] Key type dns_resolver registered
[    1.003164] debug_vm_pgtable: [debug_vm_pgtable         ]: Validating architecture page table helpers
[    1.021526] clk: Disabling unused clocks
[    1.040724] Freeing initrd memory: 48340K
[    1.180172] Freeing unused kernel image (initmem) memory: 2204K
[    1.186847] Run /init as init process

Welcome to the world of RISC-V. Please enjoy!
      _ _ _ _ _ _     _     _ _ _ _ _      _ _ _ _ _ _         __                __
     |  _ _ _  \ \   | |   /  _ _ _ _|    / /_ _ _ _ _|        \ \              / /
     | |       | |   | |   | |            | |                   \ \            / /
     | |_ _ _ _/ |   | |   | |            | |                    \ \          / /
     |  _ _ _ __ /   | |   | \_ _ _ _     | |             __      \ \        / /
     | |  \  \       | |   \_ _ _ _  |    | |            |__|      \ \      / /
     | |   \  \      | |           | |    | |                       \ \    / /
     | |    \  \     | |           | |    | |                        \ \  / /
     | |     \  \    | |    _ _ _ _/ |    | \_ _ _ _ _                \ \/ /
     |_|      \__\   |_|   |_ _ _ _ _/     \ _ _ _ _ _|                \__/

This logo is designed by lbbxsxlz@gmail.com.
           _  _
          | ||_|
          | | _ ____  _   _  _  _
          | || |  _ \| | | |\ \/ /
          | || | | | | |_| |/    \
          |_||_|_| |_|\____|\_/\_/

               Busybox Rootfs

Please press Enter to activate this console.
~ #
~ #
~ # cat /proc/cpuinfo
processor       : 0
hart            : 2
isa             : rv64imafdch_zicbom_zicboz_zicntr_zicsr_zifencei_zihintpause_zihpm_zba_zbb_zbs_smaia_ssaia_sstc
mmu             : sv57
mvendorid       : 0x0
marchid         : 0x0
mimpid          : 0x0

processor       : 1
hart            : 0
isa             : rv64imafdch_zicbom_zicboz_zicntr_zicsr_zifencei_zihintpause_zihpm_zba_zbb_zbs_smaia_ssaia_sstc
mmu             : sv57
mvendorid       : 0x0
marchid         : 0x0
mimpid          : 0x0

processor       : 2
hart            : 1
isa             : rv64imafdch_zicbom_zicboz_zicntr_zicsr_zifencei_zihintpause_zihpm_zba_zbb_zbs_smaia_ssaia_sstc
mmu             : sv57
mvendorid       : 0x0
marchid         : 0x0
mimpid          : 0x0

processor       : 3
hart            : 3
isa             : rv64imafdch_zicbom_zicboz_zicntr_zicsr_zifencei_zihintpause_zihpm_zba_zbb_zbs_smaia_ssaia_sstc
mmu             : sv57
mvendorid       : 0x0
marchid         : 0x0
mimpid          : 0x0

~ # cat /proc/interrupts
           CPU0       CPU1       CPU2       CPU3
 10:        366        290        330        296  RISC-V INTC   5 Edge      riscv-timer
 11:        155          0          0          0  RISC-V APLIC  10 Level     ttyS0
 12:          0          0          0          0  RISC-V APLIC  11 Level     101000.rtc
IPI0:         1         15          7         16  Rescheduling interrupts
IPI1:       235        546        354        347  Function call interrupts
IPI2:         0          0          0          0  CPU stop interrupts
IPI3:         0          0          0          0  CPU stop (for crash dump) interrupts
IPI4:         0          0          0          0  IRQ work interrupts
IPI5:         0          0          0          0  Timer broadcast interrupts
~ #
~ #
~ #
~ #
~ #
~ # test
test              testcmd_in_vm.sh
~ # testcmd_in_vm.sh
[   82.389699] kvm [69]: hypervisor extension available
[   82.390027] kvm [69]: using Sv57x4 G-stage page table format
[   82.390273] kvm [69]: VMID 14 bits available
[   82.390414] kvm [69]: AIA available with 0 guest external interrupts
  # lkvm run -k /modules/Image -m 256 -c 2 --name guest-72
  Info: (riscv/kvm.c) kvm__arch_load_kernel_image:136: Loaded kernel to 0x80200000 (22028800 bytes)
  Info: (riscv/kvm.c) kvm__arch_load_kernel_image:147: Placing fdt at 0x81c00000 - 0x8fffffff
[    0.000000] Linux version 6.5.0-rc1-00009-gee149a472140 (binbin.li@ipgbspserver) (riscv64-unknown-linux-gnu-gcc (g2ee5e430018) 12.2.0, GNU ld (GNU Binutils) 2.40.0.20230214) #1 SMP Fri Jul 14 10:20:00 CST 2023
[    0.000000] Machine model: linux,dummy-virt
[    0.000000] SBI specification v1.0 detected
[    0.000000] SBI implementation ID=0x3 Version=0x60500
[    0.000000] SBI TIME extension detected
[    0.000000] SBI IPI extension detected
[    0.000000] SBI RFENCE extension detected
[    0.000000] SBI SRST extension detected
[    0.000000] earlycon: ns16550a0 at MMIO 0x0000000010000000 (options '')
[    0.000000] printk: bootconsole [ns16550a0] enabled
[    0.000000] efi: UEFI not found.
[    0.000000] Zone ranges:
[    0.000000]   DMA32    [mem 0x0000000080000000-0x000000008fffffff]
[    0.000000]   Normal   empty
[    0.000000] Movable zone start for each node
[    0.000000] Early memory node ranges
[    0.000000]   node   0: [mem 0x0000000080000000-0x000000008fffffff]
[    0.000000] Initmem setup node 0 [mem 0x0000000080000000-0x000000008fffffff]
[    0.000000] SBI HSM extension detected
[    0.000000] riscv: base ISA extensions acdfim
[    0.000000] riscv: ELF capabilities acdfim
[    0.000000] percpu: Embedded 19 pages/cpu s40888 r8192 d28744 u77824
[    0.000000] Kernel command line:  console=hvc0 rw rootflags=trans=virtio,version=9p2000.L,cache=loose rootfstype=9p init=/virt/init  ip=dhcp earlycon
[    0.000000] Dentry cache hash table entries: 32768 (order: 6, 262144 bytes, linear)
[    0.000000] Inode-cache hash table entries: 16384 (order: 5, 131072 bytes, linear)
[    0.000000] Built 1 zonelists, mobility grouping on.  Total pages: 64512
[    0.000000] mem auto-init: stack:all(zero), heap alloc:off, heap free:off
[    0.000000] Virtual kernel memory layout:
[    0.000000]       fixmap : 0xff1bfffffea00000 - 0xff1bffffff000000   (6144 kB)
[    0.000000]       pci io : 0xff1bffffff000000 - 0xff1c000000000000   (  16 MB)
[    0.000000]      vmemmap : 0xff1c000000000000 - 0xff20000000000000   (1024 TB)
[    0.000000]      vmalloc : 0xff20000000000000 - 0xff60000000000000   (16384 TB)
[    0.000000]      modules : 0xffffffff0157c000 - 0xffffffff80000000   (2026 MB)
[    0.000000]       lowmem : 0xff60000000000000 - 0xff60000010000000   ( 256 MB)
[    0.000000]       kernel : 0xffffffff80000000 - 0xffffffffffffffff   (2047 MB)
[    0.000000] Memory: 218528K/262144K available (8859K kernel code, 4972K rwdata, 4096K rodata, 2204K init, 482K bss, 43616K reserved, 0K cma-reserved)
[    0.000000] SLUB: HWalign=64, Order=0-3, MinObjects=0, CPUs=2, Nodes=1
[    0.000000] rcu: Hierarchical RCU implementation.
[    0.000000] rcu:     RCU restricting CPUs from NR_CPUS=64 to nr_cpu_ids=2.
[    0.000000] rcu:     RCU debug extended QS entry/exit.
[    0.000000]  Tracing variant of Tasks RCU enabled.
[    0.000000] rcu: RCU calculated value of scheduler-enlistment delay is 25 jiffies.
[    0.000000] rcu: Adjusting geometry for rcu_fanout_leaf=16, nr_cpu_ids=2
[    0.000000] NR_IRQS: 64, nr_irqs: 64, preallocated irqs: 0
[    0.000000] riscv-intc: 64 local interrupts mapped using AIA
[    0.000000] riscv-imsic: imsics@08000000:  hart-index-bits: 1,  guest-index-bits: 0
[    0.000000] riscv-imsic: imsics@08000000: group-index-bits: 0, group-index-shift: 24
[    0.000000] riscv-imsic: imsics@08000000: mapped 2047 interrupts for 2 CPUs at 0x0000000008000000
[    0.000000] riscv-imsic: imsics@08000000: providing IPIs using interrupt 1
[    0.000000] rcu: srcu_init: Setting srcu_struct sizes based on contention.
[    0.000000] clocksource: riscv_clocksource: mask: 0xffffffffffffffff max_cycles: 0x24e6a1710, max_idle_ns: 440795202120 ns
[    0.000173] sched_clock: 64 bits at 10MHz, resolution 100ns, wraps every 4398046511100ns
[    0.033096] riscv-timer: Timer interrupt in S-mode is available via sstc extension
[    0.081505] Console: colour dummy device 80x25
[    0.107896] Calibrating delay loop (skipped), value calculated using timer frequency.. 20.00 BogoMIPS (lpj=40000)
[    0.160552] pid_max: default: 32768 minimum: 301
[    0.186022] LSM: initializing lsm=capability,integrity
[    0.217989] Mount-cache hash table entries: 512 (order: 0, 4096 bytes, linear)
[    0.255408] Mountpoint-cache hash table entries: 512 (order: 0, 4096 bytes, linear)
[    0.367442] RCU Tasks Trace: Setting shift to 1 and lim to 1 rcu_task_cb_adjust=1.
[    0.407461] riscv: ELF compat mode supported
[    0.408064] ASID allocator using 16 bits (65536 entries)
[    0.459654] rcu: Hierarchical SRCU implementation.
[    0.484713] rcu:     Max phase no-delay instances is 1000.
[    0.517423] EFI services will not be available.
[    0.547649] smp: Bringing up secondary CPUs ...
[    0.708413] smp: Brought up 1 node, 2 CPUs
[    0.784162] devtmpfs: initialized
[    0.824613] clocksource: jiffies: mask: 0xffffffff max_cycles: 0xffffffff, max_idle_ns: 7645041785100000 ns
[    0.875623] futex hash table entries: 512 (order: 3, 32768 bytes, linear)
[    0.917603] pinctrl core: initialized pinctrl subsystem
[    0.961220] NET: Registered PF_NETLINK/PF_ROUTE protocol family
[    1.001660] DMA: preallocated 128 KiB GFP_KERNEL pool for atomic allocations
[    1.042361] DMA: preallocated 128 KiB GFP_KERNEL|GFP_DMA32 pool for atomic allocations
[    1.086942] audit: initializing netlink subsys (disabled)
[    1.126788] thermal_sys: Registered thermal governor 'step_wise'
[    1.129211] audit: type=2000 audit(0.356:1): state=initialized audit_enabled=0 res=1
[    1.200741] cpuidle: using governor menu
[    1.250389] riscv-aplic: aplic@08002000: 8 interrupts forwared to MSI base 0x0000000008000000
[    1.338000] HugeTLB: registered 2.00 MiB page size, pre-allocated 0 pages
[    1.373900] HugeTLB: 28 KiB vmemmap can be freed for a 2.00 MiB page
[    1.420413] ACPI: Interpreter disabled.
[    1.444072] iommu: Default domain type: Translated
[    1.469408] iommu: DMA domain TLB invalidation policy: strict mode
[    1.507944] SCSI subsystem initialized
[    1.537556] usbcore: registered new interface driver usbfs
[    1.567437] usbcore: registered new interface driver hub
[    1.595130] usbcore: registered new device driver usb
[    1.662903] vgaarb: loaded
[    1.693725] clocksource: Switched to clocksource riscv_clocksource
[    1.733745] pnp: PnP ACPI: disabled
[    2.043130] NET: Registered PF_INET protocol family
[    2.071796] IP idents hash table entries: 4096 (order: 3, 32768 bytes, linear)
[    2.123152] tcp_listen_portaddr_hash hash table entries: 128 (order: 0, 4096 bytes, linear)
[    2.166655] Table-perturb hash table entries: 65536 (order: 6, 262144 bytes, linear)
[    2.206528] TCP established hash table entries: 2048 (order: 2, 16384 bytes, linear)
[    2.247145] TCP bind hash table entries: 2048 (order: 5, 131072 bytes, linear)
[    2.285072] TCP: Hash tables configured (established 2048 bind 2048)
[    2.321063] UDP hash table entries: 256 (order: 2, 24576 bytes, linear)
[    2.355812] UDP-Lite hash table entries: 256 (order: 2, 24576 bytes, linear)
[    2.394900] NET: Registered PF_UNIX/PF_LOCAL protocol family
[    2.439163] RPC: Registered named UNIX socket transport module.
[    2.469984] RPC: Registered udp transport module.
[    2.494028] RPC: Registered tcp transport module.
[    2.518830] RPC: Registered tcp-with-tls transport module.
[    2.547648] RPC: Registered tcp NFSv4.1 backchannel transport module.
[    2.580745] PCI: CLS 0 bytes, default 64
[    2.615051] workingset: timestamp_bits=46 max_order=16 bucket_order=0
[    2.666470] NFS: Registering the id_resolver key type
[    2.695198] Key type id_resolver registered
[    2.716868] Key type id_legacy registered
[    2.739863] nfs4filelayout_init: NFSv4 File Layout Driver Registering...
[    2.773688] nfs4flexfilelayout_init: NFSv4 Flexfile Layout Driver Registering...
[    2.817613] 9p: Installing v9fs 9p2000 file system support
[    2.850522] NET: Registered PF_ALG protocol family
[    2.875807] Block layer SCSI generic (bsg) driver version 0.4 loaded (major 246)
[    2.913063] io scheduler mq-deadline registered
[    2.936282] io scheduler kyber registered
[    2.956726] io scheduler bfq registered
[    2.989777] pci-host-generic 30000000.pci: host bridge /smb/pci ranges:
[    3.025094] pci-host-generic 30000000.pci:       IO 0x0000000000..0x000000ffff -> 0x0000000000
[    3.070098] pci-host-generic 30000000.pci:      MEM 0x0040000000..0x007fffffff -> 0x0040000000
[    3.115901] pci-host-generic 30000000.pci: ECAM at [mem 0x30000000-0x3fffffff] for [bus 00-01]
[    3.162094] pci-host-generic 30000000.pci: PCI host bridge to bus 0000:00
[    3.196961] pci_bus 0000:00: root bus resource [bus 00-01]
[    3.224913] pci_bus 0000:00: root bus resource [io  0x0000-0xffff]
[    3.256172] pci_bus 0000:00: root bus resource [mem 0x40000000-0x7fffffff]
[    3.297044] pci 0000:00:00.0: [1af4:1049] type 00 class 0xff0000
[    3.335646] pci 0000:00:00.0: reg 0x10: [io  0x6200-0x62ff]
[    3.364862] pci 0000:00:00.0: reg 0x14: [mem 0x40000000-0x400000ff]
[    3.397049] pci 0000:00:00.0: reg 0x18: [mem 0x40000400-0x400007ff]
[    3.452857] pci 0000:00:01.0: [1af4:1049] type 00 class 0xff0000
[    3.485301] pci 0000:00:01.0: reg 0x10: [io  0x6300-0x63ff]
[    3.514465] pci 0000:00:01.0: reg 0x14: [mem 0x40000800-0x400008ff]
[    3.547627] pci 0000:00:01.0: reg 0x18: [mem 0x40000c00-0x40000fff]
[    3.596174] pci 0000:00:02.0: [1af4:1041] type 00 class 0x020000
[    3.628529] pci 0000:00:02.0: reg 0x10: [io  0x6400-0x64ff]
[    3.657313] pci 0000:00:02.0: reg 0x14: [mem 0x40001000-0x400010ff]
[    3.685344] pci 0000:00:02.0: reg 0x18: [mem 0x40001400-0x400017ff]
[    3.717630] pci 0000:00:03.0: [1af4:1043] type 00 class 0x078000
[    3.739955] pci 0000:00:03.0: reg 0x10: [io  0x6500-0x65ff]
[    3.759518] pci 0000:00:03.0: reg 0x14: [mem 0x40001800-0x400018ff]
[    3.780562] pci 0000:00:03.0: reg 0x18: [mem 0x40001c00-0x40001fff]
[    3.814842] pci 0000:00:00.0: BAR 2: assigned [mem 0x40000000-0x400003ff]
[    3.837445] pci 0000:00:01.0: BAR 2: assigned [mem 0x40000400-0x400007ff]
[    3.859673] pci 0000:00:02.0: BAR 2: assigned [mem 0x40000800-0x40000bff]
[    3.881095] pci 0000:00:03.0: BAR 2: assigned [mem 0x40000c00-0x40000fff]
[    3.902939] pci 0000:00:00.0: BAR 0: assigned [io  0x0100-0x01ff]
[    3.923172] pci 0000:00:00.0: BAR 1: assigned [mem 0x40001000-0x400010ff]
[    3.945195] pci 0000:00:01.0: BAR 0: assigned [io  0x0200-0x02ff]
[    3.964913] pci 0000:00:01.0: BAR 1: assigned [mem 0x40001100-0x400011ff]
[    3.986939] pci 0000:00:02.0: BAR 0: assigned [io  0x0300-0x03ff]
[    4.007183] pci 0000:00:02.0: BAR 1: assigned [mem 0x40001200-0x400012ff]
[    4.028744] pci 0000:00:03.0: BAR 0: assigned [io  0x0400-0x04ff]
[    4.048367] pci 0000:00:03.0: BAR 1: assigned [mem 0x40001300-0x400013ff]
[    5.972125] Serial: 8250/16550 driver, 4 ports, IRQ sharing disabled
[    6.080807] 10000000.U6_16550A: ttyS0 at MMIO 0x10000000 (irq = 15, base_baud = 115200) is a 16550A
[    6.141874] 10001000.U6_16550A: ttyS1 at MMIO 0x10001000 (irq = 16, base_baud = 115200) is a 16550A
[    6.197478] 10002000.U6_16550A: ttyS2 at MMIO 0x10002000 (irq = 17, base_baud = 115200) is a 16550A
[    6.253427] 10003000.U6_16550A: ttyS3 at MMIO 0x10003000 (irq = 18, base_baud = 115200) is a 16550A
[    6.304916] SuperH (H)SCI(F) driver initialized
[    6.848353] printk: console [hvc0] enabled
[    6.873089] printk: bootconsole [ns16550a0] disabled
[    6.992193] loop: module loaded
[    7.488018] net eth0: Fail to set guest offload.
[    7.493491] virtio_net virtio2 eth0: set_features() failed (-22); wanted 0x0000000000134829, left 0x0080000000134829
[    7.541420] e1000e: Intel(R) PRO/1000 Network Driver
[    7.547791] e1000e: Copyright(c) 1999 - 2015 Intel Corporation.
[    7.567898] usbcore: registered new interface driver uas
[    7.574747] usbcore: registered new interface driver usb-storage
[    7.588417] mousedev: PS/2 mouse device common for all mice
[    7.604947] sdhci: Secure Digital Host Controller Interface driver
[    7.612585] sdhci: Copyright(c) Pierre Ossman
[    7.619098] sdhci-pltfm: SDHCI platform and OF driver helper
[    7.628827] usbcore: registered new interface driver usbhid
[    7.633897] usbhid: USB HID core driver
[    7.643066] NET: Registered PF_INET6 protocol family
[    7.680640] Segment Routing with IPv6
[    7.685433] In-situ OAM (IOAM) with IPv6
[    7.691151] sit: IPv6, IPv4 and MPLS over IPv4 tunneling driver
[    7.705937] NET: Registered PF_PACKET protocol family
[    7.715067] 9pnet: Installing 9P2000 support
[    8.425173] Key type dns_resolver registered
[    8.494513] debug_vm_pgtable: [debug_vm_pgtable         ]: Validating architecture page table helpers
[    8.618994] Legacy PMU implementation is available
[    9.172610] Sending DHCP requests ., OK
[    9.196536] IP-Config: Got DHCP answer from 192.168.33.1, my address is 192.168.33.15
[    9.204224] IP-Config: Complete:
[    9.207371]      device=eth0, hwaddr=02:15:15:15:15:15, ipaddr=192.168.33.15, mask=255.255.255.0, gw=192.168.33.1
[    9.217583]      host=192.168.33.15, domain=, nis-domain=(none)
[    9.222681]      bootserver=192.168.33.1, rootserver=0.0.0.0, rootpath=
[    9.222748]      nameserver0=192.168.33.1
[    9.233044] clk: Disabling unused clocks
[    9.243470] 9pnet_virtio: no channels available for device
[    9.260758] VFS: Mounted root (9p filesystem) on device 0:18.
[    9.273083] devtmpfs: mounted
[    9.411849] Freeing unused kernel image (initmem) memory: 2204K
[   10.133232] Run /virt/init as init process
Mounting...
/ #
/ # cat /proc/cpuinfo
processor       : 0
hart            : 0
isa             : rv64imafdc_zicbom_zicboz_zicntr_zicsr_zifencei_zihintpause_zihpm_zbb_ssaia_sstc
mmu             : sv57
mvendorid       : 0x0
marchid         : 0x0
mimpid          : 0x0

processor       : 1
hart            : 1
isa             : rv64imafdc_zicbom_zicboz_zicntr_zicsr_zifencei_zihintpause_zihpm_zbb_ssaia_sstc
mmu             : sv57
mvendorid       : 0x0
marchid         : 0x0
mimpid          : 0x0

/ #
/ #
/ #
/ #
/ # cat /proc/interrupts
           CPU0       CPU1
 10:       3006        942  RISC-V INTC   5 Edge      riscv-timer
 19:          0          0  RISC-V IMSIC-PCI 49152 Edge      virtio3-config
 20:         40          0  RISC-V IMSIC-PCI 49153 Edge      virtio3-input
 21:          0          0  RISC-V IMSIC-PCI 49154 Edge      virtio3-output
 22:          0          0  RISC-V IMSIC-PCI 32768 Edge      virtio2-config
 23:          2          0  RISC-V IMSIC-PCI 32769 Edge      virtio2-input.0
 24:          9          0  RISC-V IMSIC-PCI 32770 Edge      virtio2-output.0
 25:          0          0  RISC-V IMSIC-PCI   0 Edge      virtio0-config
 26:        294          0  RISC-V IMSIC-PCI   1 Edge      virtio0-requests
 27:          0          0  RISC-V IMSIC-PCI 16384 Edge      virtio1-config
 28:         59          0  RISC-V IMSIC-PCI 16385 Edge      virtio1-requests
IPI0:        14          7  Rescheduling interrupts
IPI1:       929       1318  Function call interrupts
IPI2:         0          0  CPU stop interrupts
IPI3:         0          0  CPU stop (for crash dump) interrupts
IPI4:         0          0  IRQ work interrupts
IPI5:         0          0  Timer broadcast interrupts
/ #
/ #
/ #
/ #
/ #
/ # poweroff -f
[   80.136950] reboot: Power down

  # KVM session ended normally.
~ #
~ # poweroff
~ # umount: devtmpfs busy - remounted read-only
umount: can't unmount /: Invalid argument
The system is going down NOW!
Sent SIGTERM to all processes
Sent SIGKILL to all processes
Requesting system poweroff
[  171.349684] kvm: exiting hardware virtualization
[  171.350820] reboot: Power down
